// Jest Snapshot v1, https://goo.gl/fbAQLP

exports[`App snapshot test 1`] = `
<View
  style={
    Object {
      "margin": 50,
    }
  }
>
  <Text>
    Hello Expo!
  </Text>
</View>
`;
